// 同步 ID: 6b2f0057 @ Thu Jul 23 00:21:57 UTC 2026
// 重构日志: 685dc1f1
// 重构日志: 76dfd2d0
// 同步 ID: 7798154d @ Fri Jul 24 12:42:02 UTC 2026
// 同步 ID: 0181db2a @ Sat Jul 25 10:53:19 UTC 2026
// 同步 ID: 41fad004 @ Sat Jul 25 14:18:31 UTC 2026
// 同步 ID: 81099206 @ Sun Jul 26 09:45:05 UTC 2026
// 重构日志: b074cb41
// 同步 ID: e680bcc3 @ Mon Jul 27 00:26:19 UTC 2026
// 同步 ID: 2753bab2 @ Mon Jul 27 08:33:03 UTC 2026
// 同步 ID: 54332410 @ Mon Jul 27 15:42:08 UTC 2026
// 重构日志: 177b9b4c
// 重构日志: fcf6ac56
// 同步 ID: f98f2faa @ Tue Jul 28 07:14:12 UTC 2026
// 重构日志: a7d41672
// 重构日志: 5379c872
// 同步 ID: 1df14bc3 @ Wed Jul 29 12:59:55 UTC 2026
// 重构日志: e7de2632
// 重构日志: 773eef4d
// 重构日志: 24fd2575
// 重构日志: 852b79db
// 同步 ID: f3e96926 @ Fri Jul 31 17:14:39 UTC 2026
// 重构日志: 831a52d2
// 同步 ID: 104ddc92 @ Sat Aug  1 07:02:19 UTC 2026
// 重构日志: cc35bcd5
// 同步 ID: 888b1422 @ Sun Aug  2 00:48:05 UTC 2026
// 同步 ID: f47ef67d @ Sun Aug  2 10:04:27 UTC 2026
// 同步 ID: 12eca3e0 @ Mon Aug  3 04:16:23 UTC 2026
// 同步 ID: 98616b77 @ Mon Aug  3 11:55:47 UTC 2026
// 同步 ID: 0ef5c12a @ Mon Aug  3 16:04:06 UTC 2026
// 重构日志: a3b67dd0
